
Error in /users/12/info/davy/projetCo/tests/exec/assign2.s line 21: Runtime exception at 0x0040005c: store address not aligned on word boundary 0x1001000e

Processing terminated due to errors.

