
Error in /users/12/info/davy/projetCo/tests/exec/assign7.s line 21: Runtime exception at 0x0040005c: store address not aligned on word boundary 0x10010006

Processing terminated due to errors.

